// Jest Snapshot v1, https://goo.gl/fbAQLP

exports[`Transaction List Row should render props 1`] = `
<ForwardRef
  onPress={[Function]}
>
  <View
    style={
      Object {
        "flex": 1,
        "flexDirection": "row",
        "justifyContent": "center",
        "marginBottom": 3,
        "paddingHorizontal": 34,
        "paddingVertical": 34,
      }
    }
  >
    <View
      style={
        Array [
          Object {
            "alignItems": "center",
            "backgroundColor": "#0C446A",
            "borderRadius": 22,
            "borderWidth": 3,
            "height": 73,
            "justifyContent": "center",
            "paddingHorizontal": 11,
            "width": 73,
          },
          Object {
            "borderColor": "#E85466",
            "elevation": 3,
            "shadowColor": "#E85466",
            "shadowOffset": Object {
              "height": 3,
              "width": 0,
            },
            "shadowOpacity": 0.5,
            "shadowRadius": 10,
          },
        ]
      }
    >
      <Icon
        allowFontScaling={false}
        color="#E85466"
        name="send"
        size={39}
      />
    </View>
    <View
      style={
        Object {
          "flex": 1,
          "justifyContent": "center",
          "paddingHorizontal": 11,
        }
      }
    >
      <View
        style={
          Object {
            "flexDirection": "row",
            "marginVertical": 3,
          }
        }
      >
        <WithTheme(EdgeTextComponent)
          style={
            Object {
              "flex": 1,
              "fontFamily": "Quicksand-Medium",
              "fontSize": 17,
            }
          }
        >
          Sent Monero
        </WithTheme(EdgeTextComponent)>
        <WithTheme(EdgeTextComponent)
          style={
            Object {
              "color": "#E85466",
              "fontFamily": "Quicksand-Medium",
              "fontSize": 17,
              "textAlign": "right",
            }
          }
        >
          - ‎ɱ 32.295514
        </WithTheme(EdgeTextComponent)>
      </View>
      <View
        style={
          Object {
            "flexDirection": "row",
            "marginVertical": 3,
          }
        }
      >
        <View
          style={
            Object {
              "flex": 1,
            }
          }
        >
          <WithTheme(EdgeTextComponent)
            style={
              Object {
                "color": "#A4C7DF",
                "fontSize": 17,
              }
            }
          >
            3:16 PM
          </WithTheme(EdgeTextComponent)>
        </View>
        <WithTheme(EdgeTextComponent)
          style={
            Object {
              "color": "#A4C7DF",
              "fontSize": 17,
              "textAlign": "right",
            }
          }
        >
          $ 4,424,808,418,353,299.50
        </WithTheme(EdgeTextComponent)>
      </View>
    </View>
  </View>
</ForwardRef>
`;
